Archive member included to satisfy reference by file (symbol)

C:/Users/Zhenyu Dai/STM32CubeIDE_1.14.1/STM32CubeIDE/plugins/com.st.stm32cube.ide.mcu.externaltools.gnu-tools-for-stm32.11.3.rel1.win32_1.1.100.202309141235/tools/bin/../lib/gcc/arm-none-eabi/11.3.1/../../../../arm-none-eabi/lib/thumb/v7e-m+fp/hard\libc_nano.a(libc_a-exit.o)
                              C:/Users/Zhenyu Dai/STM32CubeIDE_1.14.1/STM32CubeIDE/plugins/com.st.stm32cube.ide.mcu.externaltools.gnu-tools-for-stm32.11.3.rel1.win32_1.1.100.202309141235/tools/bin/../lib/gcc/arm-none-eabi/11.3.1/../../../../arm-none-eabi/lib/thumb/v7e-m+fp/hard/crt0.o (exit)
C:/Users/Zhenyu Dai/STM32CubeIDE_1.14.1/STM32CubeIDE/plugins/com.st.stm32cube.ide.mcu.externaltools.gnu-tools-for-stm32.11.3.rel1.win32_1.1.100.202309141235/tools/bin/../lib/gcc/arm-none-eabi/11.3.1/../../../../arm-none-eabi/lib/thumb/v7e-m+fp/hard\libc_nano.a(libc_a-findfp.o)
                              C:/Users/Zhenyu Dai/STM32CubeIDE_1.14.1/STM32CubeIDE/plugins/com.st.stm32cube.ide.mcu.externaltools.gnu-tools-for-stm32.11.3.rel1.win32_1.1.100.202309141235/tools/bin/../lib/gcc/arm-none-eabi/11.3.1/../../../../arm-none-eabi/lib/thumb/v7e-m+fp/hard\libc_nano.a(libc_a-exit.o) (__stdio_exit_handler)
C:/Users/Zhenyu Dai/STM32CubeIDE_1.14.1/STM32CubeIDE/plugins/com.st.stm32cube.ide.mcu.externaltools.gnu-tools-for-stm32.11.3.rel1.win32_1.1.100.202309141235/tools/bin/../lib/gcc/arm-none-eabi/11.3.1/../../../../arm-none-eabi/lib/thumb/v7e-m+fp/hard\libc_nano.a(libc_a-fwalk.o)
                              C:/Users/Zhenyu Dai/STM32CubeIDE_1.14.1/STM32CubeIDE/plugins/com.st.stm32cube.ide.mcu.externaltools.gnu-tools-for-stm32.11.3.rel1.win32_1.1.100.202309141235/tools/bin/../lib/gcc/arm-none-eabi/11.3.1/../../../../arm-none-eabi/lib/thumb/v7e-m+fp/hard\libc_nano.a(libc_a-findfp.o) (_fwalk_sglue)
C:/Users/Zhenyu Dai/STM32CubeIDE_1.14.1/STM32CubeIDE/plugins/com.st.stm32cube.ide.mcu.externaltools.gnu-tools-for-stm32.11.3.rel1.win32_1.1.100.202309141235/tools/bin/../lib/gcc/arm-none-eabi/11.3.1/../../../../arm-none-eabi/lib/thumb/v7e-m+fp/hard\libc_nano.a(libc_a-stdio.o)
                              C:/Users/Zhenyu Dai/STM32CubeIDE_1.14.1/STM32CubeIDE/plugins/com.st.stm32cube.ide.mcu.externaltools.gnu-tools-for-stm32.11.3.rel1.win32_1.1.100.202309141235/tools/bin/../lib/gcc/arm-none-eabi/11.3.1/../../../../arm-none-eabi/lib/thumb/v7e-m+fp/hard\libc_nano.a(libc_a-findfp.o) (__sread)
C:/Users/Zhenyu Dai/STM32CubeIDE_1.14.1/STM32CubeIDE/plugins/com.st.stm32cube.ide.mcu.externaltools.gnu-tools-for-stm32.11.3.rel1.win32_1.1.100.202309141235/tools/bin/../lib/gcc/arm-none-eabi/11.3.1/../../../../arm-none-eabi/lib/thumb/v7e-m+fp/hard\libc_nano.a(libc_a-memset.o)
                              C:/Users/Zhenyu Dai/STM32CubeIDE_1.14.1/STM32CubeIDE/plugins/com.st.stm32cube.ide.mcu.externaltools.gnu-tools-for-stm32.11.3.rel1.win32_1.1.100.202309141235/tools/bin/../lib/gcc/arm-none-eabi/11.3.1/../../../../arm-none-eabi/lib/thumb/v7e-m+fp/hard/crt0.o (memset)
C:/Users/Zhenyu Dai/STM32CubeIDE_1.14.1/STM32CubeIDE/plugins/com.st.stm32cube.ide.mcu.externaltools.gnu-tools-for-stm32.11.3.rel1.win32_1.1.100.202309141235/tools/bin/../lib/gcc/arm-none-eabi/11.3.1/../../../../arm-none-eabi/lib/thumb/v7e-m+fp/hard\libc_nano.a(libc_a-closer.o)
                              C:/Users/Zhenyu Dai/STM32CubeIDE_1.14.1/STM32CubeIDE/plugins/com.st.stm32cube.ide.mcu.externaltools.gnu-tools-for-stm32.11.3.rel1.win32_1.1.100.202309141235/tools/bin/../lib/gcc/arm-none-eabi/11.3.1/../../../../arm-none-eabi/lib/thumb/v7e-m+fp/hard\libc_nano.a(libc_a-stdio.o) (_close_r)
C:/Users/Zhenyu Dai/STM32CubeIDE_1.14.1/STM32CubeIDE/plugins/com.st.stm32cube.ide.mcu.externaltools.gnu-tools-for-stm32.11.3.rel1.win32_1.1.100.202309141235/tools/bin/../lib/gcc/arm-none-eabi/11.3.1/../../../../arm-none-eabi/lib/thumb/v7e-m+fp/hard\libc_nano.a(libc_a-reent.o)
                              C:/Users/Zhenyu Dai/STM32CubeIDE_1.14.1/STM32CubeIDE/plugins/com.st.stm32cube.ide.mcu.externaltools.gnu-tools-for-stm32.11.3.rel1.win32_1.1.100.202309141235/tools/bin/../lib/gcc/arm-none-eabi/11.3.1/../../../../arm-none-eabi/lib/thumb/v7e-m+fp/hard\libc_nano.a(libc_a-closer.o) (errno)
C:/Users/Zhenyu Dai/STM32CubeIDE_1.14.1/STM32CubeIDE/plugins/com.st.stm32cube.ide.mcu.externaltools.gnu-tools-for-stm32.11.3.rel1.win32_1.1.100.202309141235/tools/bin/../lib/gcc/arm-none-eabi/11.3.1/../../../../arm-none-eabi/lib/thumb/v7e-m+fp/hard\libc_nano.a(libc_a-impure.o)
                              C:/Users/Zhenyu Dai/STM32CubeIDE_1.14.1/STM32CubeIDE/plugins/com.st.stm32cube.ide.mcu.externaltools.gnu-tools-for-stm32.11.3.rel1.win32_1.1.100.202309141235/tools/bin/../lib/gcc/arm-none-eabi/11.3.1/../../../../arm-none-eabi/lib/thumb/v7e-m+fp/hard\libc_nano.a(libc_a-reent.o) (_impure_ptr)
[...]
Memory Configuration

Name             Origin             Length             Attributes
CCMRAM           0x0000000010000000 0x0000000000002000 xrw
RAM              0x0000000020000000 0x000000000000a000 xrw
FLASH            0x0000000008000000 0x0000000000040000 xr
*default*        0x0000000000000000 0xffffffffffffffff

Linker script and memory map

LOAD C:/Users/Zhenyu Dai/STM32CubeIDE_1.14.1/STM32CubeIDE/plugins/com.st.stm32cube.ide.mcu.externaltools.gnu-tools-for-stm32.11.3.rel1.win32_1.1.100.202309141235/tools/bin/../lib/gcc/arm-none-eabi/11.3.1/thumb/v7e-m+fp/hard/crti.o
LOAD C:/Users/Zhenyu Dai/STM32CubeIDE_1.14.1/STM32CubeIDE/plugins/com.st.stm32cube.ide.mcu.externaltools.gnu-tools-for-stm32.11.3.rel1.win32_1.1.100.202309141235/tools/bin/../lib/gcc/arm-none-eabi/11.3.1/thumb/v7e-m+fp/hard/crtbegin.o
LOAD C:/Users/Zhenyu Dai/STM32CubeIDE_1.14.1/STM32CubeIDE/plugins/com.st.stm32cube.ide.mcu.externaltools.gnu-tools-for-stm32.11.3.rel1.win32_1.1.100.202309141235/tools/bin/../lib/gcc/arm-none-eabi/11.3.1/../../../../arm-none-eabi/lib/thumb/v7e-m+fp/hard/crt0.o
LOAD ./Src/assembly.o
LOAD ./Src/definitions.o
LOAD ./Src/initialise.o
LOAD ./Startup/startup_stm32f303vctx.o
START GROUP
LOAD C:/Users/Zhenyu Dai/STM32CubeIDE_1.14.1/STM32CubeIDE/plugins/com.st.stm32cube.ide.mcu.externaltools.gnu-tools-for-stm32.11.3.rel1.win32_1.1.100.202309141235/tools/bin/../lib/gcc/arm-none-eabi/11.3.1/../../../../arm-none-eabi/lib/thumb/v7e-m+fp/hard\libc_nano.a
LOAD C:/Users/Zhenyu Dai/STM32CubeIDE_1.14.1/STM32CubeIDE/plugins/com.st.stm32cube.ide.mcu.externaltools.gnu-tools-for-stm32.11.3.rel1.win32_1.1.100.202309141235/tools/bin/../lib/gcc/arm-none-eabi/11.3.1/../../../../arm-none-eabi/lib/thumb/v7e-m+fp/hard\libm.a
END GROUP
START GROUP
LOAD C:/Users/Zhenyu Dai/STM32CubeIDE_1.14.1/STM32CubeIDE/plugins/com.st.stm32cube.ide.mcu.externaltools.gnu-tools-for-stm32.11.3.rel1.win32_1.1.100.202309141235/tools/bin/../lib/gcc/arm-none-eabi/11.3.1/thumb/v7e-m+fp/hard\libgcc.a
LOAD C:/Users/Zhenyu Dai/STM32CubeIDE_1.14.1/STM32CubeIDE/plugins/com.st.stm32cube.ide.mcu.externaltools.gnu-tools-for-stm32.11.3.rel1.win32_1.1.100.202309141235/tools/bin/../lib/gcc/arm-none-eabi/11.3.1/../../../../arm-none-eabi/lib/thumb/v7e-m+fp/hard\libc_nano.a
END GROUP
START GROUP
LOAD C:/Users/Zhenyu Dai/STM32CubeIDE_1.14.1/STM32CubeIDE/plugins/com.st.stm32cube.ide.mcu.externaltools.gnu-tools-for-stm32.11.3.rel1.win32_1.1.100.202309141235/tools/bin/../lib/gcc/arm-none-eabi/11.3.1/thumb/v7e-m+fp/hard\libgcc.a
LOAD C:/Users/Zhenyu Dai/STM32CubeIDE_1.14.1/STM32CubeIDE/plugins/com.st.stm32cube.ide.mcu.externaltools.gnu-tools-for-stm32.11.3.rel1.win32_1.1.100.202309141235/tools/bin/../lib/gcc/arm-none-eabi/11.3.1/../../../../arm-none-eabi/lib/thumb/v7e-m+fp/hard\libc_nano.a
LOAD C:/Users/Zhenyu Dai/STM32CubeIDE_1.14.1/STM32CubeIDE/plugins/com.st.stm32cube.ide.mcu.externaltools.gnu-tools-for-stm32.11.3.rel1.win32_1.1.100.202309141235/tools/bin/../lib/gcc/arm-none-eabi/11.3.1/../../../../arm-none-eabi/lib/thumb/v7e-m+fp/hard\libnosys.a
END GROUP
START GROUP
LOAD C:/Users/Zhenyu Dai/STM32CubeIDE_1.14.1/STM32CubeIDE/plugins/com.st.stm32cube.ide.mcu.externaltools.gnu-tools-for-stm32.11.3.rel1.win32_1.1.100.202309141235/tools/bin/../lib/gcc/arm-none-eabi/11.3.1/thumb/v7e-m+fp/hard\libgcc.a
LOAD C:/Users/Zhenyu Dai/STM32CubeIDE_1.14.1/STM32CubeIDE/plugins/com.st.stm32cube.ide.mcu.externaltools.gnu-tools-for-stm32.11.3.rel1.win32_1.1.100.202309141235/tools/bin/../lib/gcc/arm-none-eabi/11.3.1/../../../../arm-none-eabi/lib/thumb/v7e-m+fp/hard\libc_nano.a
LOAD C:/Users/Zhenyu Dai/STM32CubeIDE_1.14.1/STM32CubeIDE/plugins/com.st.stm32cube.ide.mcu.externaltools.gnu-tools-for-stm32.11.3.rel1.win32_1.1.100.202309141235/tools/bin/../lib/gcc/arm-none-eabi/11.3.1/../../../../arm-none-eabi/lib/thumb/v7e-m+fp/hard\libnosys.a
END GROUP
LOAD C:/Users/Zhenyu Dai/STM32CubeIDE_1.14.1/STM32CubeIDE/plugins/com.st.stm32cube.ide.mcu.externaltools.gnu-tools-for-stm32.11.3.rel1.win32_1.1.100.202309141235/tools/bin/../lib/gcc/arm-none-eabi/11.3.1/thumb/v7e-m+fp/hard/crtend.o
LOAD C:/Users/Zhenyu Dai/STM32CubeIDE_1.14.1/STM32CubeIDE/plugins/com.st.stm32cube.ide.mcu.externaltools.gnu-tools-for-stm32.11.3.rel1.win32_1.1.100.202309141235/tools/bin/../lib/gcc/arm-none-eabi/11.3.1/thumb/v7e-m+fp/hard/crtn.o
                0x000000002000a000                _estack = (ORIGIN (RAM) + LENGTH (RAM))
                0x0000000000000200                _Min_Heap_Size = 0x200
                0x0000000000000400                _Min_Stack_Size = 0x400

.isr_vector     0x0000000008000000      0x194
                0x0000000008000000                . = ALIGN (0x4)
 *(.isr_vector)
 .isr_vector    0x0000000008000000      0x194 ./Startup/startup_stm32f303vctx.o
                0x0000000008000000                g_pfnVectors
                0x0000000008000194                . = ALIGN (0x4)

.text           0x0000000008000194      0x190
                0x0000000008000194                . = ALIGN (0x4)
 *(.text)
 .text          0x0000000008000194       0x40 C:/Users/Zhenyu Dai/STM32CubeIDE_1.14.1/STM32CubeIDE/plugins/com.st.stm32cube.ide.mcu.externaltools.gnu-tools-for-stm32.11.3.rel1.win32_1.1.100.202309141235/tools/bin/../lib/gcc/arm-none-eabi/11.3.1/thumb/v7e-m+fp/hard/crtbegin.o
 .text          0x00000000080001d4       0x9c ./Src/assembly.o
                0x0000000008000220                main
 *(.text*)
 .text.Reset_Handler
                0x0000000008000270       0x50 ./Startup/startup_stm32f303vctx.o
                0x0000000008000270                Reset_Handler
 .text.Default_Handler
                0x00000000080002c0        0x2 ./Startup/startup_stm32f303vctx.o
                0x00000000080002c0                TIM8_TRG_COM_IRQHandler
                0x00000000080002c0                TIM8_CC_IRQHandler
                0x00000000080002c0                DebugMon_Handler
                0x00000000080002c0                DMA1_CH4_IRQHandler
                0x00000000080002c0                SPI4_IRQHandler
                0x00000000080002c0                TIM1_CC_IRQHandler
                0x00000000080002c0                HardFault_Handler
                0x00000000080002c0                USB_HP_IRQHandler
                0x00000000080002c0                I2C2_EV_EXTI24_IRQHandler
                0x00000000080002c0                SysTick_Handler
                0x00000000080002c0                USB_WKUP_EXTI_IRQHandler
                0x00000000080002c0                PVD_IRQHandler
                0x00000000080002c0                UART4_EXTI34_IRQHandler
                0x00000000080002c0                TAMP_STAMP_IRQHandler
                0x00000000080002c0                PendSV_Handler
                0x00000000080002c0                NMI_Handler
                0x00000000080002c0                EXTI3_IRQHandler
                0x00000000080002c0                I2C3_ER_IRQHandler
                0x00000000080002c0                TIM6_DACUNDER_IRQHandler
                0x00000000080002c0                USB_HP_CAN_TX_IRQHandler
                0x00000000080002c0                EXTI0_IRQHandler
                0x00000000080002c0                DMA2_CH1_IRQHandler
                0x00000000080002c0                TIM1_UP_TIM16_IRQHandler
                0x00000000080002c0                UsageFault_Handler
                0x00000000080002c0                ADC1_2_IRQHandler
                0x00000000080002c0                SPI1_IRQHandler
                0x00000000080002c0                CAN_SCE_IRQHandler
                0x00000000080002c0                DMA1_CH7_IRQHandler
                0x00000000080002c0                TIM8_UP_IRQHandler
                0x00000000080002c0                COMP456_IRQHandler
                0x00000000080002c0                DMA1_CH6_IRQHandler
                0x00000000080002c0                TIM20_TRG_COM_IRQHandler
                0x00000000080002c0                ADC3_IRQHandler
                0x00000000080002c0                TIM4_IRQHandler
                0x00000000080002c0                CAN_RX1_IRQHandler
                0x00000000080002c0                USART1_EXTI25_IRQHandler
                0x00000000080002c0                DMA2_CH5_IRQHandler
                0x00000000080002c0                I2C1_EV_EXTI23_IRQHandler
                0x00000000080002c0                DMA1_CH3_IRQHandler
                0x00000000080002c0                TIM3_IRQHandler
                0x00000000080002c0                RCC_IRQHandler
                0x00000000080002c0                TIM20_UP_IRQHandler
                0x00000000080002c0                Default_Handler
                0x00000000080002c0                EXTI15_10_IRQHandler
                0x00000000080002c0                USART2_EXTI26_IRQHandler
                0x00000000080002c0                USART3_EXTI28_IRQHandler
                0x00000000080002c0                TIM7_IRQHandler
                0x00000000080002c0                I2C3_EV_IRQHandler
                0x00000000080002c0                EXTI9_5_IRQHandler
                0x00000000080002c0                DMA1_CH2_IRQHandler
                0x00000000080002c0                RTC_WKUP_IRQHandler
                0x00000000080002c0                SPI2_IRQHandler
                0x00000000080002c0                DMA1_CH1_IRQHandler
                0x00000000080002c0                USB_LP_CAN_RX0_IRQHandler
                0x00000000080002c0                MemManage_Handler
                0x00000000080002c0                COMP123_IRQHandler
                0x00000000080002c0                SVC_Handler
                0x00000000080002c0                USB_LP_IRQHandler
                0x00000000080002c0                EXTI4_IRQHandler
                0x00000000080002c0                TIM1_TRG_COM_TIM17_IRQHandler
                0x00000000080002c0                ADC4_IRQHandler
                0x00000000080002c0                WWDG_IRQHandler
                0x00000000080002c0                TIM2_IRQHandler
                0x00000000080002c0                COMP7_IRQHandler
                0x00000000080002c0                EXTI1_IRQHandler
                0x00000000080002c0                RTCAlarm_IRQHandler
                0x00000000080002c0                UART5_EXTI35_IRQHandler
                0x00000000080002c0                TIM20_BRK_IRQHandler
                0x00000000080002c0                I2C2_ER_IRQHandler
                0x00000000080002c0                TIM8_BRK_IRQHandler
                0x00000000080002c0                FLASH_IRQHandler
                0x00000000080002c0                TIM20_CC_IRQHandler
                0x00000000080002c0                BusFault_Handler
                0x00000000080002c0                SPI3_IRQHandler
                0x00000000080002c0                DMA2_CH3_IRQHandler
                0x00000000080002c0                DMA2_CH2_IRQHandler
                0x00000000080002c0                I2C1_ER_IRQHandler
                0x00000000080002c0                FMC_IRQHandler
                0x00000000080002c0                DMA1_CH5_IRQHandler
                0x00000000080002c0                DMA2_CH4_IRQHandler
                0x00000000080002c0                USB_WKUP_IRQHandler
                0x00000000080002c0                EXTI2_TSC_IRQHandler
                0x00000000080002c0                TIM1_BRK_TIM15_IRQHandler
 *fill*         0x00000000080002c2        0x2 
 .text.__libc_init_array
                0x00000000080002c4       0x48 C:/Users/Zhenyu Dai/STM32CubeIDE_1.14.1/STM32CubeIDE/plugins/com.st.stm32cube.ide.mcu.externaltools.gnu-tools-for-stm32.11.3.rel1.win32_1.1.100.202309141235/tools/bin/../lib/gcc/arm-none-eabi/11.3.1/../../../../arm-none-eabi/lib/thumb/v7e-m+fp/hard\libc_nano.a(libc_a-init.o)
                0x00000000080002c4                __libc_init_array
 *(.glue_7)
 .glue_7        0x000000000800030c        0x0 linker stubs
 *(.glue_7t)
 .glue_7t       0x000000000800030c        0x0 linker stubs
 *(.eh_frame)
 .eh_frame      0x000000000800030c        0x0 C:/Users/Zhenyu Dai/STM32CubeIDE_1.14.1/STM32CubeIDE/plugins/com.st.stm32cube.ide.mcu.externaltools.gnu-tools-for-stm32.11.3.rel1.win32_1.1.100.202309141235/tools/bin/../lib/gcc/arm-none-eabi/11.3.1/thumb/v7e-m+fp/hard/crtbegin.o
 *(.init)
 .init          0x000000000800030c        0x4 C:/Users/Zhenyu Dai/STM32CubeIDE_1.14.1/STM32CubeIDE/plugins/com.st.stm32cube.ide.mcu.externaltools.gnu-tools-for-stm32.11.3.rel1.win32_1.1.100.202309141235/tools/bin/../lib/gcc/arm-none-eabi/11.3.1/thumb/v7e-m+fp/hard/crti.o
                0x000000000800030c                _init
 .init          0x0000000008000310        0x8 C:/Users/Zhenyu Dai/STM32CubeIDE_1.14.1/STM32CubeIDE/plugins/com.st.stm32cube.ide.mcu.externaltools.gnu-tools-for-stm32.11.3.rel1.win32_1.1.100.202309141235/tools/bin/../lib/gcc/arm-none-eabi/11.3.1/thumb/v7e-m+fp/hard/crtn.o
 *(.fini)
 .fini          0x0000000008000318        0x4 C:/Users/Zhenyu Dai/STM32CubeIDE_1.14.1/STM32CubeIDE/plugins/com.st.stm32cube.ide.mcu.externaltools.gnu-tools-for-stm32.11.3.rel1.win32_1.1.100.202309141235/tools/bin/../lib/gcc/arm-none-eabi/11.3.1/thumb/v7e-m+fp/hard/crti.o
                0x0000000008000318                _fini
 .fini          0x000000000800031c        0x8 C:/Users/Zhenyu Dai/STM32CubeIDE_1.14.1/STM32CubeIDE/plugins/com.st.stm32cube.ide.mcu.externaltools.gnu-tools-for-stm32.11.3.rel1.win32_1.1.100.202309141235/tools/bin/../lib/gcc/arm-none-eabi/11.3.1/thumb/v7e-m+fp/hard/crtn.o
                0x0000000008000324                . = ALIGN (0x4)
                0x0000000008000324                _etext = .

.vfp11_veneer   0x0000000008000324        0x0
 .vfp11_veneer  0x0000000008000324        0x0 linker stubs

.v4_bx          0x0000000008000324        0x0
 .v4_bx         0x0000000008000324        0x0 linker stubs

.iplt           0x0000000008000324        0x0
 .iplt          0x0000000008000324        0x0 C:/Users/Zhenyu Dai/STM32CubeIDE_1.14.1/STM32CubeIDE/plugins/com.st.stm32cube.ide.mcu.externaltools.gnu-tools-for-stm32.11.3.rel1.win32_1.1.100.202309141235/tools/bin/../lib/gcc/arm-none-eabi/11.3.1/thumb/v7e-m+fp/hard/crtbegin.o

.rel.dyn        0x0000000008000324        0x0
 .rel.iplt      0x0000000008000324        0x0 C:/Users/Zhenyu Dai/STM32CubeIDE_1.14.1/STM32CubeIDE/plugins/com.st.stm32cube.ide.mcu.externaltools.gnu-tools-for-stm32.11.3.rel1.win32_1.1.100.202309141235/tools/bin/../lib/gcc/arm-none-eabi/11.3.1/thumb/v7e-m+fp/hard/crtbegin.o

.rodata         0x0000000008000324        0x0
                0x0000000008000324                . = ALIGN (0x4)
 *(.rodata)
 *(.rodata*)
                0x0000000008000324                . = ALIGN (0x4)

.ARM.extab      0x0000000008000324        0x0
                0x0000000008000324                . = ALIGN (0x4)
 *(.ARM.extab* .gnu.linkonce.armextab.*)
                0x0000000008000324                . = ALIGN (0x4)

.ARM            0x0000000008000324        0x0
                0x0000000008000324                . = ALIGN (0x4)
                0x0000000008000324                __exidx_start = .
 *(.ARM.exidx*)
                0x0000000008000324                __exidx_end = .
                0x0000000008000324                . = ALIGN (0x4)

.preinit_array  0x0000000008000324        0x0
                0x0000000008000324                . = ALIGN (0x4)
                0x0000000008000324                PROVIDE (__preinit_array_start = .)
 *(.preinit_array*)
                0x0000000008000324                PROVIDE (__preinit_array_end = .)
                0x0000000008000324                . = ALIGN (0x4)

.init_array     0x0000000008000324        0x4
                0x0000000008000324                . = ALIGN (0x4)
                0x0000000008000324                PROVIDE (__init_array_start = .)
 *(SORT_BY_NAME(.init_array.*))
 *(.init_array*)
 .init_array    0x0000000008000324        0x4 C:/Users/Zhenyu Dai/STM32CubeIDE_1.14.1/STM32CubeIDE/plugins/com.st.stm32cube.ide.mcu.externaltools.gnu-tools-for-stm32.11.3.rel1.win32_1.1.100.202309141235/tools/bin/../lib/gcc/arm-none-eabi/11.3.1/thumb/v7e-m+fp/hard/crtbegin.o
                0x0000000008000328                PROVIDE (__init_array_end = .)
                0x0000000008000328                . = ALIGN (0x4)

.fini_array     0x0000000008000328        0x4
                0x0000000008000328                . = ALIGN (0x4)
                [!provide]                        PROVIDE (__fini_array_start = .)
 *(SORT_BY_NAME(.fini_array.*))
 *(.fini_array*)
 .fini_array    0x0000000008000328        0x4 C:/Users/Zhenyu Dai/STM32CubeIDE_1.14.1/STM32CubeIDE/plugins/com.st.stm32cube.ide.mcu.externaltools.gnu-tools-for-stm32.11.3.rel1.win32_1.1.100.202309141235/tools/bin/../lib/gcc/arm-none-eabi/11.3.1/thumb/v7e-m+fp/hard/crtbegin.o
                [!provide]                        PROVIDE (__fini_array_end = .)
                0x000000000800032c                . = ALIGN (0x4)
                0x000000000800032c                _sidata = LOADADDR (.data)

.data           0x0000000020000000        0x0 load address 0x000000000800032c
                0x0000000020000000                . = ALIGN (0x4)
                0x0000000020000000                _sdata = .
 *(.data)
 *(.data*)
 *(.RamFunc)
 *(.RamFunc*)
                0x0000000020000000                . = ALIGN (0x4)
                0x0000000020000000                _edata = .
                0x000000000800032c                _siccmram = LOADADDR (.ccmram)

.igot.plt       0x0000000020000000        0x0 load address 0x000000000800032c
 .igot.plt      0x0000000020000000        0x0 C:/Users/Zhenyu Dai/STM32CubeIDE_1.14.1/STM32CubeIDE/plugins/com.st.stm32cube.ide.mcu.externaltools.gnu-tools-for-stm32.11.3.rel1.win32_1.1.100.202309141235/tools/bin/../lib/gcc/arm-none-eabi/11.3.1/thumb/v7e-m+fp/hard/crtbegin.o

.ccmram         0x0000000010000000        0x0 load address 0x000000000800032c
                0x0000000010000000                . = ALIGN (0x4)
                0x0000000010000000                _sccmram = .
 *(.ccmram)
 *(.ccmram*)
                0x0000000010000000                . = ALIGN (0x4)
                0x0000000010000000                _eccmram = .
                0x0000000010000000                . = ALIGN (0x4)

.bss            0x0000000020000000       0x1c
                0x0000000020000000                _sbss = .
                0x0000000020000000                __bss_start__ = _sbss
 *(.bss)
 .bss           0x0000000020000000       0x1c C:/Users/Zhenyu Dai/STM32CubeIDE_1.14.1/STM32CubeIDE/plugins/com.st.stm32cube.ide.mcu.externaltools.gnu-tools-for-stm32.11.3.rel1.win32_1.1.100.202309141235/tools/bin/../lib/gcc/arm-none-eabi/11.3.1/thumb/v7e-m+fp/hard/crtbegin.o
 *(.bss*)
 *(COMMON)
                0x000000002000001c                . = ALIGN (0x4)
                0x000000002000001c                _ebss = .
                0x000000002000001c                __bss_end__ = _ebss

._user_heap_stack
                0x000000002000001c      0x604
                0x0000000020000020                . = ALIGN (0x8)
 *fill*         0x000000002000001c        0x4 
                0x0000000020000020                PROVIDE (end = .)
                [!provide]                        PROVIDE (_end = .)
                0x0000000020000220                . = (. + _Min_Heap_Size)
 *fill*         0x0000000020000020      0x200 
                0x0000000020000620                . = (. + _Min_Stack_Size)
 *fill*         0x0000000020000220      0x400 
                0x0000000020000620                . = ALIGN (0x8)

/DISCARD/
 libc.a(*)
 libm.a(*)
 libgcc.a(*)

.ARM.attributes
                0x0000000000000000       0x30
 *(.ARM.attributes)
 .ARM.attributes
                0x0000000000000000       0x1e C:/Users/Zhenyu Dai/STM32CubeIDE_1.14.1/STM32CubeIDE/plugins/com.st.stm32cube.ide.mcu.externaltools.gnu-tools-for-stm32.11.3.rel1.win32_1.1.100.202309141235/tools/bin/../lib/gcc/arm-none-eabi/11.3.1/thumb/v7e-m+fp/hard/crti.o
 .ARM.attributes
                0x000000000000001e       0x34 C:/Users/Zhenyu Dai/STM32CubeIDE_1.14.1/STM32CubeIDE/plugins/com.st.stm32cube.ide.mcu.externaltools.gnu-tools-for-stm32.11.3.rel1.win32_1.1.100.202309141235/tools/bin/../lib/gcc/arm-none-eabi/11.3.1/thumb/v7e-m+fp/hard/crtbegin.o
 .ARM.attributes
                0x0000000000000052       0x20 ./Src/assembly.o
 .ARM.attributes
                0x0000000000000072       0x21 ./Startup/startup_stm32f303vctx.o
 .ARM.attributes
                0x0000000000000093       0x34 C:/Users/Zhenyu Dai/STM32CubeIDE_1.14.1/STM32CubeIDE/plugins/com.st.stm32cube.ide.mcu.externaltools.gnu-tools-for-stm32.11.3.rel1.win32_1.1.100.202309141235/tools/bin/../lib/gcc/arm-none-eabi/11.3.1/../../../../arm-none-eabi/lib/thumb/v7e-m+fp/hard\libc_nano.a(libc_a-init.o)
 .ARM.attributes
                0x00000000000000c7       0x1e C:/Users/Zhenyu Dai/STM32CubeIDE_1.14.1/STM32CubeIDE/plugins/com.st.stm32cube.ide.mcu.externaltools.gnu-tools-for-stm32.11.3.rel1.win32_1.1.100.202309141235/tools/bin/../lib/gcc/arm-none-eabi/11.3.1/thumb/v7e-m+fp/hard/crtn.o
OUTPUT(Exercise4-c part.elf elf32-littlearm)
LOAD linker stubs
LOAD C:/Users/Zhenyu Dai/STM32CubeIDE_1.14.1/STM32CubeIDE/plugins/com.st.stm32cube.ide.mcu.externaltools.gnu-tools-for-stm32.11.3.rel1.win32_1.1.100.202309141235/tools/bin/../lib/gcc/arm-none-eabi/11.3.1/../../../../arm-none-eabi/lib/thumb/v7e-m+fp/hard\libc.a
LOAD C:/Users/Zhenyu Dai/STM32CubeIDE_1.14.1/STM32CubeIDE/plugins/com.st.stm32cube.ide.mcu.externaltools.gnu-tools-for-stm32.11.3.rel1.win32_1.1.100.202309141235/tools/bin/../lib/gcc/arm-none-eabi/11.3.1/../../../../arm-none-eabi/lib/thumb/v7e-m+fp/hard\libm.a
LOAD C:/Users/Zhenyu Dai/STM32CubeIDE_1.14.1/STM32CubeIDE/plugins/com.st.stm32cube.ide.mcu.externaltools.gnu-tools-for-stm32.11.3.rel1.win32_1.1.100.202309141235/tools/bin/../lib/gcc/arm-none-eabi/11.3.1/thumb/v7e-m+fp/hard\libgcc.a

.comment        0x0000000000000000       0x43
 .comment       0x0000000000000000       0x43 C:/Users/Zhenyu Dai/STM32CubeIDE_1.14.1/STM32CubeIDE/plugins/com.st.stm32cube.ide.mcu.externaltools.gnu-tools-for-stm32.11.3.rel1.win32_1.1.100.202309141235/tools/bin/../lib/gcc/arm-none-eabi/11.3.1/thumb/v7e-m+fp/hard/crtbegin.o
                                         0x44 (size before relaxing)

.debug_line     0x0000000000000000      0x10b
 .debug_line    0x0000000000000000       0x90 ./Src/assembly.o
 .debug_line    0x0000000000000090       0x7b ./Startup/startup_stm32f303vctx.o

.debug_line_str
                0x0000000000000000       0x90
 .debug_line_str
                0x0000000000000000       0x6d ./Src/assembly.o
                                         0x7a (size before relaxing)
 .debug_line_str
                0x000000000000006d       0x23 ./Startup/startup_stm32f303vctx.o
                                         0x89 (size before relaxing)

.debug_info     0x0000000000000000       0x48
 .debug_info    0x0000000000000000       0x25 ./Src/assembly.o
 .debug_info    0x0000000000000025       0x23 ./Startup/startup_stm32f303vctx.o

.debug_abbrev   0x0000000000000000       0x26
 .debug_abbrev  0x0000000000000000       0x14 ./Src/assembly.o
 .debug_abbrev  0x0000000000000014       0x12 ./Startup/startup_stm32f303vctx.o

.debug_aranges  0x0000000000000000       0x48
 .debug_aranges
                0x0000000000000000       0x20 ./Src/assembly.o
 .debug_aranges
                0x0000000000000020       0x28 ./Startup/startup_stm32f303vctx.o

.debug_str      0x0000000000000000       0x91
 .debug_str     0x0000000000000000       0x6e ./Src/assembly.o
 .debug_str     0x000000000000006e       0x23 ./Startup/startup_stm32f303vctx.o
                                         0x7d (size before relaxing)

.debug_rnglists
                0x0000000000000000       0x19
 .debug_rnglists
                0x0000000000000000       0x19 ./Startup/startup_stm32f303vctx.o

.debug_frame    0x0000000000000000       0x2c
 .debug_frame   0x0000000000000000       0x2c C:/Users/Zhenyu Dai/STM32CubeIDE_1.14.1/STM32CubeIDE/plugins/com.st.stm32cube.ide.mcu.externaltools.gnu-tools-for-stm32.11.3.rel1.win32_1.1.100.202309141235/tools/bin/../lib/gcc/arm-none-eabi/11.3.1/../../../../arm-none-eabi/lib/thumb/v7e-m+fp/hard\libc_nano.a(libc_a-init.o)
